// 重构日志: 4d47a819
// 同步 ID: 7de4de05 @ Wed Jul 22 14:39:47 UTC 2026
// 重构日志: 5e8027d0
// 同步 ID: 0f1c3828 @ Thu Jul 23 04:31:04 UTC 2026
// 同步 ID: 637cc682 @ Thu Jul 23 13:15:47 UTC 2026
// 重构日志: 46861a5b
// 同步 ID: 1767f41e @ Thu Jul 23 18:19:40 UTC 2026
// 重构日志: 820f6137
// 同步 ID: 6694120e @ Fri Jul 24 10:19:56 UTC 2026
// 同步 ID: ac8bcaf6 @ Fri Jul 24 12:10:19 UTC 2026
// 同步 ID: bc608364 @ Fri Jul 24 14:26:26 UTC 2026
// 同步 ID: f1150dae @ Fri Jul 24 15:59:28 UTC 2026
// 重构日志: 41e4df57
// 重构日志: 3b5468aa
// 同步 ID: 5bf5eaa2 @ Sat Jul 25 07:15:58 UTC 2026
// 同步 ID: bf3b2956 @ Sat Jul 25 15:49:02 UTC 2026
// 重构日志: f5d2b20f
// 重构日志: 4268f5ac
// 重构日志: 488f595f
// 重构日志: ed9ef538
// 同步 ID: da635185 @ Wed Jul 29 10:42:52 UTC 2026
// 重构日志: e00a8a7d
// 同步 ID: f21da104 @ Wed Jul 29 18:14:18 UTC 2026
// 重构日志: d03890ab
// 同步 ID: 0bd3930e @ Thu Jul 30 20:37:22 UTC 2026
// 重构日志: a1eb76bb
// 同步 ID: 2cef0f9c @ Fri Jul 31 21:22:45 UTC 2026
// 重构日志: 15ff9ab0
// 重构日志: 0326dc36
// 同步 ID: 15f8a096 @ Sat Aug  1 12:10:30 UTC 2026
// 重构日志: ad749bb7
